>>> BaseGeometry = __import__('7-base_geometry').BaseGeometry
>>> bg = BaseGeometry()
>>> bg.integer_validator("test", 42)
>>>

>>> bg.integer_validator("test", "42")
Traceback (most recent call last):
  ...
TypeError: test must be an integer
>>>

>>> bg.integer_validator("test", 0)
Traceback (most recent call last):
  ...
ValueError: test must be greater than 0
>>>

>>> bg.integer_validator("test", -42)
Traceback (most recent call last):
  ...
ValueError: test must be greater than 0
>>>

>>> bg.integer_validator("test", 3.14)
Traceback (most recent call last):
  ...
TypeError: test must be an integer
>>>

>>> bg.integer_validator("test", [1, 2, 3])
Traceback (most recent call last):
  ...
TypeError: test must be an integer
>>>